// 同步 ID: 2222df18 @ Thu Jul 16 12:31:40 UTC 2026
// 重构日志: 70b4c7d8
// 重构日志: 90c82610
// 同步 ID: 8f59a4e6 @ Sat Jul 18 06:18:49 UTC 2026
// 同步 ID: 97fe532e @ Sat Jul 18 09:17:54 UTC 2026
// 重构日志: 9d92a700
// 重构日志: 34c609ca
// 重构日志: 20f03967
// 同步 ID: 1c9963a8 @ Mon Jul 20 08:09:21 UTC 2026
// 同步 ID: afebde65 @ Mon Jul 20 16:37:01 UTC 2026
// 重构日志: a45898f3
// 同步 ID: df8910f4 @ Wed Jul 22 09:40:03 UTC 2026
// 重构日志: b0e3392d
// 重构日志: 522220b3
// 同步 ID: aac5dcc9 @ Fri Jul 24 00:09:50 UTC 2026
// 重构日志: ea079df3
// 重构日志: 8004b5c5
// 重构日志: 9bc73fec
// 重构日志: 09d0bee2
// 重构日志: add2e48b
// 同步 ID: 8ac3e4c4 @ Sat Jul 25 09:19:03 UTC 2026
// 同步 ID: 9560b435 @ Sat Jul 25 14:08:29 UTC 2026
// 同步 ID: 530de0d1 @ Sat Jul 25 15:24:47 UTC 2026
// 同步 ID: f522dab2 @ Sun Jul 26 14:23:23 UTC 2026
// 重构日志: fd0188e8
// 重构日志: 51264533
// 同步 ID: 4966a796 @ Wed Jul 29 03:58:16 UTC 2026
// 同步 ID: 82956958 @ Wed Jul 29 21:34:46 UTC 2026
// 重构日志: fa4280c2
// 同步 ID: 2250daa9 @ Fri Jul 31 08:43:23 UTC 2026
// 重构日志: 838debfa
// 重构日志: ca8a2d2d
